Tree:
4
 \
 20
   \
   36
     \
     41
       \
       48
         \
         57
           \
           69
             \
             75
               \
               85
                 \
                 94

#nodes = 10,  #leaves = 1
Infix  : 4 20 36 41 48 57 69 75 85 94 
Prefix : 4 20 36 41 48 57 69 75 85 94 
Postfix: 94 85 75 69 57 48 41 36 20 4 
ByLevel: 4 20 36 41 48 57 69 75 85 94 
